// 重构日志: 58e9bd93
// 重构日志: c5286d65
// 重构日志: b79d2441
// 重构日志: 124d6385
// 重构日志: 0650a93e
// 重构日志: 3f69d5a2
// 重构日志: e354f7a1
// 重构日志: 7d9f624b
// 同步 ID: 0890caee @ Fri Jul 31 14:22:33 UTC 2026
// 重构日志: ea2eebcd
// 同步 ID: 2b562196 @ Sat Aug  1 02:24:12 UTC 2026
// 重构日志: 07634399
// 重构日志: d32e794e
// 同步 ID: f93d5a11 @ Sun Aug  2 08:09:52 UTC 2026
// 重构日志: 1785cbe0
// 同步 ID: 486c1228 @ Sun Aug  2 16:13:59 UTC 2026
// 同步 ID: ecc320fb @ Mon Aug  3 02:54:23 UTC 2026
// 同步 ID: 657f249a @ Mon Aug  3 14:28:55 UTC 2026
// 重构日志: e5338b3d
// 重构日志: 10bf80b8
// 重构日志: f7f48ffb
// 重构日志: 32bb3391
// 同步 ID: 97c4678c @ Thu Aug  6 02:44:56 UTC 2026
// 同步 ID: 720b28bc @ Thu Aug  6 06:08:47 UTC 2026
// 同步 ID: 0415c49e @ Thu Aug  6 14:22:22 UTC 2026
// 同步 ID: bc0e28c4 @ Fri Aug  7 07:41:07 UTC 2026
// 重构日志: 4b23ce4d
// 重构日志: 1fa8730f
// 同步 ID: 1d4b8abd @ Sat Aug  8 07:14:21 UTC 2026
// 同步 ID: ef34fb87 @ Sat Aug  8 08:33:52 UTC 2026
// 重构日志: c010e029
